
[2026-03-06T15:09:57.178908] START C:\Users\DJ\Desktop\Agentic-AI-Audit-Suite\.venv\Scripts\python.exe C:\Users\DJ\Desktop\Agentic-AI-Audit-Suite\agents\uat_enterprise_agent.py --base-url http://127.0.0.1:8000 --scale deep --seed 42
[UAT] Starting enterprise UAT agent against http://127.0.0.1:8000 (scale=deep, seed=42)
[UAT] Completed
[UAT] Report: uat_reports\uat_enterprise_report_20260306T150957Z.json
[UAT] Steps: 309 | Failed: 291 | P95(ms): 34.07
[UAT] Improvement candidates: 2

[2026-03-06T15:12:38.420486] START C:\Users\DJ\Desktop\Agentic-AI-Audit-Suite\.venv\Scripts\python.exe C:\Users\DJ\Desktop\Agentic-AI-Audit-Suite\agents\uat_enterprise_agent.py --base-url http://127.0.0.1:8000 --scale deep --seed 42
[UAT] Starting enterprise UAT agent against http://127.0.0.1:8000 (scale=deep, seed=42)
Traceback (most recent call last):
  File "C:\Users\DJ\Desktop\Agentic-AI-Audit-Suite\agents\uat_enterprise_agent.py", line 1079, in <module>
    raise SystemExit(main())
                     ^^^^^^
  File "C:\Users\DJ\Desktop\Agentic-AI-Audit-Suite\agents\uat_enterprise_agent.py", line 1060, in main
    report_path = agent.run()
                  ^^^^^^^^^^^
  File "C:\Users\DJ\Desktop\Agentic-AI-Audit-Suite\agents\uat_enterprise_agent.py", line 1024, in run
    self.seed_control_evaluations()
  File "C:\Users\DJ\Desktop\Agentic-AI-Audit-Suite\agents\uat_enterprise_agent.py", line 336, in seed_control_evaluations
    _, body = self._request(
              ^^^^^^^^^^^^^^
  File "C:\Users\DJ\Desktop\Agentic-AI-Audit-Suite\agents\uat_enterprise_agent.py", line 153, in _request
    response = self.session.request(method, url, timeout=REQUEST_TIMEOUT, **kwargs)
               ^^^^^^^^^^^^^^^^^^^^^^^^^^^^^^^^^^^^^^^^^^^^^^^^^^^^^^^^^^^^^^^^^^^^
  File "C:\Users\DJ\Desktop\Agentic-AI-Audit-Suite\.venv\Lib\site-packages\requests\sessions.py", line 589, in request
    resp = self.send(prep, **send_kwargs)
           ^^^^^^^^^^^^^^^^^^^^^^^^^^^^^^
  File "C:\Users\DJ\Desktop\Agentic-AI-Audit-Suite\.venv\Lib\site-packages\requests\sessions.py", line 703, in send
    r = adapter.send(request, **kwargs)
        ^^^^^^^^^^^^^^^^^^^^^^^^^^^^^^^
  File "C:\Users\DJ\Desktop\Agentic-AI-Audit-Suite\.venv\Lib\site-packages\requests\adapters.py", line 486, in send
    resp = conn.urlopen(
           ^^^^^^^^^^^^^
  File "C:\Users\DJ\Desktop\Agentic-AI-Audit-Suite\.venv\Lib\site-packages\urllib3\connectionpool.py", line 723, in urlopen
    url = to_str(_encode_target(url))
                 ^^^^^^^^^^^^^^^^^^^
  File "C:\Users\DJ\Desktop\Agentic-AI-Audit-Suite\.venv\Lib\site-packages\urllib3\util\url.py", line 360, in _encode_target
    encoded_target = _encode_invalid_chars(path, _PATH_CHARS)
                     ^^^^^^^^^^^^^^^^^^^^^^^^^^^^^^^^^^^^^^^^
  File "C:\Users\DJ\Desktop\Agentic-AI-Audit-Suite\.venv\Lib\site-packages\urllib3\util\url.py", line 249, in _encode_invalid_chars
    for i in range(0, len(uri_bytes)):
             ^^^^^^^^^^^^^^^^^^^^^^^^
KeyboardInterrupt

[2026-03-06T15:39:47.149481] START C:\Users\DJ\Desktop\Agentic-AI-Audit-Suite\.venv\Scripts\python.exe C:\Users\DJ\Desktop\Agentic-AI-Audit-Suite\agents\uat_enterprise_agent.py --base-url http://127.0.0.1:8000 --scale small --seed 42
[UAT] Starting enterprise UAT agent against http://127.0.0.1:8000 (scale=small, seed=42)
[UAT] Completed
[UAT] Report: uat_reports\uat_enterprise_report_20260306T153947Z.json
[UAT] Steps: 101 | Failed: 91 | P95(ms): 717.75
[UAT] Improvement candidates: 1
